........................................................................ [ 56%]
.......................................................                  [100%]
============================== warnings summary ===============================
app\core\config.py:4
  c:\Users\p konezciny\OneDrive - Welti-Furrer AG\Development\haushalt-app\backend\app\core\config.py:4: PydanticDeprecatedSince20: Support for class-based `config` is deprecated, use ConfigDict instead. Deprecated in Pydantic V2.0 to be removed in V3.0. See Pydantic V2 Migration Guide at https://errors.pydantic.dev/2.13/migration/
    class Settings(BaseSettings):

venv\Lib\site-packages\fastapi\testclient.py:1
  c:\Users\p konezciny\OneDrive - Welti-Furrer AG\Development\haushalt-app\backend\venv\Lib\site-packages\fastapi\testclient.py:1: StarletteDeprecationWarning: Using `httpx` with `starlette.testclient` is deprecated; install `httpx2` instead.
    from starlette.testclient import TestClient as TestClient  # noqa

tests/test_auth_guard.py: 1 warning
tests/test_chore_scoping.py: 8 warnings
tests/test_chores.py: 19 warnings
tests/test_currency.py: 6 warnings
tests/test_expense_balances.py: 4 warnings
tests/test_expense_events.py: 5 warnings
tests/test_expense_scoping.py: 6 warnings
tests/test_expense_splits.py: 18 warnings
tests/test_household_join.py: 8 warnings
tests/test_settlements.py: 15 warnings
tests/test_shopping_scoping.py: 5 warnings
tests/test_todo_scoping.py: 5 warnings
  c:\Users\p konezciny\OneDrive - Welti-Furrer AG\Development\haushalt-app\backend\venv\Lib\site-packages\jwt\api_jwt.py:147: InsecureKeyLengthWarning: The HMAC key is 30 bytes long, which is below the minimum recommended length of 32 bytes for SHA256. See RFC 7518 Section 3.2.
    return self._jws.encode(

tests/test_auth_guard.py: 1 warning
tests/test_chore_scoping.py: 9 warnings
tests/test_chores.py: 46 warnings
tests/test_currency.py: 6 warnings
tests/test_expense_balances.py: 6 warnings
tests/test_expense_events.py: 5 warnings
tests/test_expense_scoping.py: 6 warnings
tests/test_expense_splits.py: 20 warnings
tests/test_household_join.py: 10 warnings
tests/test_settlements.py: 22 warnings
tests/test_shopping_scoping.py: 5 warnings
tests/test_todo_scoping.py: 5 warnings
  c:\Users\p konezciny\OneDrive - Welti-Furrer AG\Development\haushalt-app\backend\venv\Lib\site-packages\jwt\api_jwt.py:368: InsecureKeyLengthWarning: The HMAC key is 30 bytes long, which is below the minimum recommended length of 32 bytes for SHA256. See RFC 7518 Section 3.2.
    decoded = self.decode_complete(

tests/test_chores.py::TestChoreCreate::test_create_chore_weekday_missing
tests/test_chores.py::TestChoreCreate::test_create_chore_day_of_month_missing
tests/test_chores.py::TestChoreCreate::test_create_chore_day_of_month_out_of_range
  c:\Users\p konezciny\OneDrive - Welti-Furrer AG\Development\haushalt-app\backend\app\routers\chores.py:205: StarletteDeprecationWarning: 'HTTP_422_UNPROCESSABLE_ENTITY' is deprecated. Use 'HTTP_422_UNPROCESSABLE_CONTENT' instead.
    _validate_recurrence_fields(body.recurrence, body.weekday, body.day_of_month)

tests/test_chores.py::TestChoreCreate::test_create_chore_duplicate_in_rotation
  c:\Users\p konezciny\OneDrive - Welti-Furrer AG\Development\haushalt-app\backend\app\routers\chores.py:208: StarletteDeprecationWarning: 'HTTP_422_UNPROCESSABLE_ENTITY' is deprecated. Use 'HTTP_422_UNPROCESSABLE_CONTENT' instead.
    _validate_rotation_order(db, household_id, body.rotation_order)

tests/test_chores.py::TestAssignments::test_get_assignments_window_too_large
tests/test_currency.py::test_expense_with_wrong_currency_rejected
tests/test_currency.py::test_settlement_with_wrong_currency_rejected
tests/test_currency.py::test_update_expense_with_wrong_currency_rejected
tests/test_settlements.py::test_create_settlement_from_equals_to_returns_422
tests/test_settlements.py::TestSettlementSocketEvents::test_failed_create_no_event
  C:\Users\p konezciny\OneDrive - Welti-Furrer AG\Development\haushalt-app\backend\venv\Lib\site-packages\anyio\_backends\_asyncio.py:1033: StarletteDeprecationWarning: 'HTTP_422_UNPROCESSABLE_ENTITY' is deprecated. Use 'HTTP_422_UNPROCESSABLE_CONTENT' instead.
    result = context.run(func, *args)

-- Docs: https://docs.pytest.org/en/stable/how-to/capture-warnings.html
127 passed, 253 warnings in 57.97s
